⏩ Ignorando: /Users/andres/dev/arezzo/ClearSaleHomolog-soapui-project.xml (não é um projeto Node)
⏩ Ignorando: /Users/andres/dev/arezzo/ecommerce-api-automation (não é um projeto Node)
⏩ Ignorando: /Users/andres/dev/arezzo/ecommerce-automation (não é um projeto Node)
⏩ Ignorando: /Users/andres/dev/arezzo/ecommerce-documentation (não é um projeto Node)
⏩ Ignorando: /Users/andres/dev/arezzo/ecommerce-documentation.wiki (não é um projeto Node)
⏩ Ignorando: /Users/andres/dev/arezzo/ecommerce-gateway (não é um projeto Node)
📦 Executando 'npm ls ansi-styles@6.2.2 debug@4.4.2 chalk@5.6.1 supports-color@10.2.1 strip-ansi@7.1.1 ansi-regex@6.2.1 wrap-ansi@9.0.1 color-convert@3.1.1 color-name@2.0.1 is-arrayish@0.3.3 slice-ansi@7.1.1 color@5.0.1 color-string@2.1.1 simple-swizzle@0.2.3 supports-hyperlinks@4.1.1 has-ansi@6.0.1 chalk-template@1.1.1 backslash@0.2.1 error-ex@1.3.3 proto-tinker-wc@1.8.7' em: /Users/andres/dev/arezzo/ecommerce-headless
ecommerce-headless@1.125.0 /Users/andres/dev/arezzo/ecommerce-headless
└── (empty)


⏩ Ignorando: /Users/andres/dev/arezzo/ecommerce-hybris-ci (não é um projeto Node)
⏩ Ignorando: /Users/andres/dev/arezzo/ecommerce-hybris-deploy-integ (não é um projeto Node)
⏩ Ignorando: /Users/andres/dev/arezzo/ecommerce-hybris-deploy-preprod (não é um projeto Node)
⏩ Ignorando: /Users/andres/dev/arezzo/ecommerce-hybris-deploy-prod (não é um projeto Node)
📦 Executando 'npm ls ansi-styles@6.2.2 debug@4.4.2 chalk@5.6.1 supports-color@10.2.1 strip-ansi@7.1.1 ansi-regex@6.2.1 wrap-ansi@9.0.1 color-convert@3.1.1 color-name@2.0.1 is-arrayish@0.3.3 slice-ansi@7.1.1 color@5.0.1 color-string@2.1.1 simple-swizzle@0.2.3 supports-hyperlinks@4.1.1 has-ansi@6.0.1 chalk-template@1.1.1 backslash@0.2.1 error-ex@1.3.3 proto-tinker-wc@1.8.7' em: /Users/andres/dev/arezzo/ecommerce-super-app
MarketplaceZZ@0.0.1 /Users/andres/dev/arezzo/ecommerce-super-app
└── (empty)


⏩ Ignorando: /Users/andres/dev/arezzo/ecommerce-super-app_old.zip (não é um projeto Node)
⏩ Ignorando: /Users/andres/dev/arezzo/hybris2011 (não é um projeto Node)
⏩ Ignorando: /Users/andres/dev/arezzo/intellij_codestyle_ArezzoCo.xml (não é um projeto Node)
⏩ Ignorando: /Users/andres/dev/arezzo/ms-alaminuta (não é um projeto Node)
⏩ Ignorando: /Users/andres/dev/arezzo/ms-commons (não é um projeto Node)
⏩ Ignorando: /Users/andres/dev/arezzo/ms-ecommerce-integrator (não é um projeto Node)
⏩ Ignorando: /Users/andres/dev/arezzo/ms-ecommerce-notification (não é um projeto Node)
⏩ Ignorando: /Users/andres/dev/arezzo/ms-intelipost (não é um projeto Node)
⏩ Ignorando: /Users/andres/dev/arezzo/ms-shared-customer (não é um projeto Node)
⏩ Ignorando: /Users/andres/dev/arezzo/ms-shared-exchange-return (não é um projeto Node)
⏩ Ignorando: /Users/andres/dev/arezzo/ms-shared-order (não é um projeto Node)
⏩ Ignorando: /Users/andres/dev/arezzo/ms-treinamento (não é um projeto Node)
⏩ Ignorando: /Users/andres/dev/arezzo/ms-zznet (não é um projeto Node)
⏩ Ignorando: /Users/andres/dev/arezzo/received-emails (não é um projeto Node)
⏩ Ignorando: /Users/andres/dev/arezzo/runAllBrandsTests.sh (não é um projeto Node)
✅ Finalizado! Log salvo em: /Users/andres/dev/andressltz/dotfiles/scripts/npm_all.log
